Warnings, critical warnings and errors from synthesis and implementation

Created: 2026-08-30 22:04:31

----SYNTHESIS----
WARNING: [Synth 8-6014] Unused sequential element history_buf_reg[0][0] was removed.  [rtl/evaluation/controller/eval_cli_input.sv:108]
WARNING: [Synth 8-6014] Unused sequential element history_buf_reg[0][1] was removed.  [rtl/evaluation/controller/eval_cli_input.sv:108]
WARNING: [Synth 8-6014] Unused sequential element history_buf_reg[1][0] was removed.  [rtl/evaluation/controller/eval_cli_input.sv:108]
WARNING: [Synth 8-6014] Unused sequential element history_buf_reg[1][1] was removed.  [rtl/evaluation/controller/eval_cli_input.sv:108]
WARNING: [Synth 8-6014] Unused sequential element history_buf_reg[2][0] was removed.  [rtl/evaluation/controller/eval_cli_input.sv:108]
WARNING: [Synth 8-6014] Unused sequential element history_buf_reg[2][1] was removed.  [rtl/evaluation/controller/eval_cli_input.sv:108]
WARNING: [Synth 8-6014] Unused sequential element history_buf_reg[3][0] was removed.  [rtl/evaluation/controller/eval_cli_input.sv:108]
WARNING: [Synth 8-6014] Unused sequential element history_buf_reg[3][1] was removed.  [rtl/evaluation/controller/eval_cli_input.sv:108]
WARNING: [Synth 8-6014] Unused sequential element load_slot_reg was removed.  [rtl/evaluation/controller/eval_cli_input.sv:158]
WARNING: [Synth 8-6014] Unused sequential element load_slot_reg was removed.  [rtl/evaluation/controller/eval_cli_input.sv:174]
WARNING: [Synth 8-6014] Unused sequential element check_slot_reg was removed.  [rtl/evaluation/controller/eval_cli_input.sv:242]
WARNING: [Synth 8-6014] Unused sequential element match_reg was removed.  [rtl/evaluation/controller/eval_cli_input.sv:243]
WARNING: [Synth 8-6014] Unused sequential element m_slot_reg was removed.  [rtl/evaluation/controller/eval_cli_input.sv:275]
WARNING: [Synth 8-6014] Unused sequential element new_slot_reg was removed.  [rtl/evaluation/controller/eval_cli_input.sv:297]
WARNING: [Synth 8-6014] Unused sequential element char_is_last_reg was removed.  [rtl/evaluation/controller/eval_console_buffer.sv:96]
WARNING: [Synth 8-6014] Unused sequential element ping_is_loopback_reg was removed.  [rtl/evaluation/controller/eval_cmd_exec.sv:406]
WARNING: [Synth 8-6014] Unused sequential element target_rate_reg was removed.  [rtl/evaluation/controller/eval_cmd_exec.sv:656]
WARNING: [Synth 8-6014] Unused sequential element target_os_reg was removed.  [rtl/evaluation/controller/eval_cmd_exec.sv:657]
WARNING: [Synth 8-6014] Unused sequential element valid_rate_reg was removed.  [rtl/evaluation/controller/eval_cmd_exec.sv:658]
WARNING: [Synth 8-6014] Unused sequential element valid_pwr_in_reg was removed.  [rtl/evaluation/controller/eval_cmd_exec.sv:836]
WARNING: [Synth 8-6014] Unused sequential element valid_pwr_out_reg was removed.  [rtl/evaluation/controller/eval_cmd_exec.sv:862]
WARNING: [Synth 8-6014] Unused sequential element bcd_next_reg was removed.  [rtl/evaluation/controller/eval_cmd_exec.sv:960]
WARNING: [Synth 8-6014] Unused sequential element peer_role_reg was removed.  [rtl/evaluation/controller/power_negotiator.sv:108]
WARNING: [Synth 8-3848] Net btn2_bram\.addr in module/entity draw_popup does not have driver. [rtl/evaluation/display/draw/draw_popup.sv:28]
WARNING: [Synth 8-3848] Net btn2_bram\.en in module/entity draw_popup does not have driver. [rtl/evaluation/display/draw/draw_popup.sv:28]
WARNING: [Synth 8-3848] Net logo_bram\.dout in module/entity top_draw does not have driver. [rtl/helpers/bram_if.sv:17]
WARNING: [Synth 8-7129] Port oversampling[3] in module sampling_tick_generator is either unconnected or has no load
WARNING: [Synth 8-7129] Port oversampling[2] in module sampling_tick_generator is either unconnected or has no load
WARNING: [Synth 8-7129] Port oversampling[1] in module sampling_tick_generator is either unconnected or has no load
WARNING: [Synth 8-7129] Port vga_in\.vcount[10] in module draw_mux is either unconnected or has no load
WARNING: [Synth 8-7129] Port vga_in\.vcount[9] in module draw_mux is either unconnected or has no load
WARNING: [Synth 8-7129] Port vga_in\.vcount[8] in module draw_mux is either unconnected or has no load
WARNING: [Synth 8-7129] Port vga_in\.vcount[7] in module draw_mux is either unconnected or has no load
WARNING: [Synth 8-7129] Port vga_in\.vcount[6] in module draw_mux is either unconnected or has no load
WARNING: [Synth 8-7129] Port vga_in\.vcount[5] in module draw_mux is either unconnected or has no load
WARNING: [Synth 8-7129] Port vga_in\.vcount[4] in module draw_mux is either unconnected or has no load
WARNING: [Synth 8-7129] Port vga_in\.vcount[3] in module draw_mux is either unconnected or has no load
WARNING: [Synth 8-7129] Port vga_in\.vcount[2] in module draw_mux is either unconnected or has no load
WARNING: [Synth 8-7129] Port vga_in\.vcount[1] in module draw_mux is either unconnected or has no load
WARNING: [Synth 8-7129] Port vga_in\.vcount[0] in module draw_mux is either unconnected or has no load
WARNING: [Synth 8-7129] Port vga_in\.vsync in module draw_mux is either unconnected or has no load
WARNING: [Synth 8-7129] Port vga_in\.vblnk in module draw_mux is either unconnected or has no load
WARNING: [Synth 8-7129] Port vga_in\.hcount[10] in module draw_mux is either unconnected or has no load
WARNING: [Synth 8-7129] Port vga_in\.hcount[9] in module draw_mux is either unconnected or has no load
WARNING: [Synth 8-7129] Port vga_in\.hcount[8] in module draw_mux is either unconnected or has no load
WARNING: [Synth 8-7129] Port vga_in\.hcount[7] in module draw_mux is either unconnected or has no load
WARNING: [Synth 8-7129] Port vga_in\.hcount[6] in module draw_mux is either unconnected or has no load
WARNING: [Synth 8-7129] Port vga_in\.hcount[5] in module draw_mux is either unconnected or has no load
WARNING: [Synth 8-7129] Port vga_in\.hcount[4] in module draw_mux is either unconnected or has no load
WARNING: [Synth 8-7129] Port vga_in\.hcount[3] in module draw_mux is either unconnected or has no load
WARNING: [Synth 8-7129] Port vga_in\.hcount[2] in module draw_mux is either unconnected or has no load
WARNING: [Synth 8-7129] Port vga_in\.hcount[1] in module draw_mux is either unconnected or has no load
WARNING: [Synth 8-7129] Port vga_in\.hcount[0] in module draw_mux is either unconnected or has no load
WARNING: [Synth 8-7129] Port vga_in\.hsync in module draw_mux is either unconnected or has no load
WARNING: [Synth 8-7129] Port vga_in\.hblnk in module draw_mux is either unconnected or has no load
WARNING: [Synth 8-7129] Port vga_in\.vsync in module draw_rect is either unconnected or has no load
WARNING: [Synth 8-7129] Port vga_in\.hsync in module draw_rect is either unconnected or has no load
WARNING: [Synth 8-7129] Port vga_in\.vblnk in module draw_string__parameterized14 is either unconnected or has no load
WARNING: [Synth 8-7129] Port vga_in\.hsync in module draw_string__parameterized14 is either unconnected or has no load
WARNING: [Synth 8-7129] Port vga_in\.hblnk in module draw_string__parameterized14 is either unconnected or has no load
WARNING: [Synth 8-7129] Port vga_in\.rgb[11] in module draw_string__parameterized14 is either unconnected or has no load
WARNING: [Synth 8-7129] Port vga_in\.rgb[10] in module draw_string__parameterized14 is either unconnected or has no load
WARNING: [Synth 8-7129] Port vga_in\.rgb[9] in module draw_string__parameterized14 is either unconnected or has no load
WARNING: [Synth 8-7129] Port vga_in\.rgb[8] in module draw_string__parameterized14 is either unconnected or has no load
WARNING: [Synth 8-7129] Port vga_in\.rgb[7] in module draw_string__parameterized14 is either unconnected or has no load
WARNING: [Synth 8-7129] Port vga_in\.rgb[6] in module draw_string__parameterized14 is either unconnected or has no load
WARNING: [Synth 8-7129] Port vga_in\.rgb[5] in module draw_string__parameterized14 is either unconnected or has no load
WARNING: [Synth 8-7129] Port vga_in\.rgb[4] in module draw_string__parameterized14 is either unconnected or has no load
WARNING: [Synth 8-7129] Port vga_in\.rgb[3] in module draw_string__parameterized14 is either unconnected or has no load
WARNING: [Synth 8-7129] Port vga_in\.rgb[2] in module draw_string__parameterized14 is either unconnected or has no load
WARNING: [Synth 8-7129] Port vga_in\.rgb[1] in module draw_string__parameterized14 is either unconnected or has no load
WARNING: [Synth 8-7129] Port vga_in\.rgb[0] in module draw_string__parameterized14 is either unconnected or has no load
WARNING: [Synth 8-7129] Port char_bram\.din[7] in module draw_string__parameterized14 is either unconnected or has no load
WARNING: [Synth 8-7129] Port char_bram\.din[6] in module draw_string__parameterized14 is either unconnected or has no load
WARNING: [Synth 8-7129] Port char_bram\.din[5] in module draw_string__parameterized14 is either unconnected or has no load
WARNING: [Synth 8-7129] Port char_bram\.din[4] in module draw_string__parameterized14 is either unconnected or has no load
WARNING: [Synth 8-7129] Port char_bram\.din[3] in module draw_string__parameterized14 is either unconnected or has no load
WARNING: [Synth 8-7129] Port char_bram\.din[2] in module draw_string__parameterized14 is either unconnected or has no load
WARNING: [Synth 8-7129] Port char_bram\.din[1] in module draw_string__parameterized14 is either unconnected or has no load
WARNING: [Synth 8-7129] Port char_bram\.din[0] in module draw_string__parameterized14 is either unconnected or has no load
WARNING: [Synth 8-7129] Port char_bram\.we in module draw_string__parameterized14 is either unconnected or has no load
WARNING: [Synth 8-7129] Port vga_in\.vblnk in module draw_string__parameterized20 is either unconnected or has no load
WARNING: [Synth 8-7129] Port vga_in\.hsync in module draw_string__parameterized20 is either unconnected or has no load
WARNING: [Synth 8-7129] Port vga_in\.hblnk in module draw_string__parameterized20 is either unconnected or has no load
WARNING: [Synth 8-7129] Port vga_in\.rgb[11] in module draw_string__parameterized20 is either unconnected or has no load
WARNING: [Synth 8-7129] Port vga_in\.rgb[10] in module draw_string__parameterized20 is either unconnected or has no load
WARNING: [Synth 8-7129] Port vga_in\.rgb[9] in module draw_string__parameterized20 is either unconnected or has no load
WARNING: [Synth 8-7129] Port vga_in\.rgb[8] in module draw_string__parameterized20 is either unconnected or has no load
WARNING: [Synth 8-7129] Port vga_in\.rgb[7] in module draw_string__parameterized20 is either unconnected or has no load
WARNING: [Synth 8-7129] Port vga_in\.rgb[6] in module draw_string__parameterized20 is either unconnected or has no load
WARNING: [Synth 8-7129] Port vga_in\.rgb[5] in module draw_string__parameterized20 is either unconnected or has no load
WARNING: [Synth 8-7129] Port vga_in\.rgb[4] in module draw_string__parameterized20 is either unconnected or has no load
WARNING: [Synth 8-7129] Port vga_in\.rgb[3] in module draw_string__parameterized20 is either unconnected or has no load
WARNING: [Synth 8-7129] Port vga_in\.rgb[2] in module draw_string__parameterized20 is either unconnected or has no load
WARNING: [Synth 8-7129] Port vga_in\.rgb[1] in module draw_string__parameterized20 is either unconnected or has no load
WARNING: [Synth 8-7129] Port vga_in\.rgb[0] in module draw_string__parameterized20 is either unconnected or has no load
WARNING: [Synth 8-7129] Port char_bram\.din[7] in module draw_string__parameterized20 is either unconnected or has no load
WARNING: [Synth 8-7129] Port char_bram\.din[6] in module draw_string__parameterized20 is either unconnected or has no load
WARNING: [Synth 8-7129] Port char_bram\.din[5] in module draw_string__parameterized20 is either unconnected or has no load
WARNING: [Synth 8-7129] Port char_bram\.din[4] in module draw_string__parameterized20 is either unconnected or has no load
WARNING: [Synth 8-7129] Port char_bram\.din[3] in module draw_string__parameterized20 is either unconnected or has no load
WARNING: [Synth 8-7129] Port char_bram\.din[2] in module draw_string__parameterized20 is either unconnected or has no load
WARNING: [Synth 8-7129] Port char_bram\.din[1] in module draw_string__parameterized20 is either unconnected or has no load
WARNING: [Synth 8-7129] Port char_bram\.din[0] in module draw_string__parameterized20 is either unconnected or has no load
WARNING: [Synth 8-7129] Port char_bram\.we in module draw_string__parameterized20 is either unconnected or has no load
WARNING: [Synth 8-7129] Port vga_in\.vblnk in module draw_string__parameterized12 is either unconnected or has no load
WARNING: [Synth 8-7129] Port vga_in\.hsync in module draw_string__parameterized12 is either unconnected or has no load
WARNING: [Synth 8-7129] Port vga_in\.hblnk in module draw_string__parameterized12 is either unconnected or has no load
WARNING: [Synth 8-7129] Port vga_in\.rgb[11] in module draw_string__parameterized12 is either unconnected or has no load
WARNING: [Synth 8-7129] Port vga_in\.rgb[10] in module draw_string__parameterized12 is either unconnected or has no load
WARNING: [Synth 8-7129] Port vga_in\.rgb[9] in module draw_string__parameterized12 is either unconnected or has no load
WARNING: [Synth 8-7129] Port vga_in\.rgb[8] in module draw_string__parameterized12 is either unconnected or has no load
WARNING: [Synth 8-7129] Port vga_in\.rgb[7] in module draw_string__parameterized12 is either unconnected or has no load
WARNING: [Synth 8-7129] Port vga_in\.rgb[6] in module draw_string__parameterized12 is either unconnected or has no load
WARNING: [Synth 8-7129] Port vga_in\.rgb[5] in module draw_string__parameterized12 is either unconnected or has no load
WARNING: [Synth 8-7129] Port vga_in\.rgb[4] in module draw_string__parameterized12 is either unconnected or has no load
WARNING: [Synth 8-7129] Port vga_in\.rgb[3] in module draw_string__parameterized12 is either unconnected or has no load
WARNING: [Synth 8-7129] Port vga_in\.rgb[2] in module draw_string__parameterized12 is either unconnected or has no load
WARNING: [Synth 8-7129] Port vga_in\.rgb[1] in module draw_string__parameterized12 is either unconnected or has no load
WARNING: [Synth 8-7129] Port vga_in\.rgb[0] in module draw_string__parameterized12 is either unconnected or has no load
WARNING: [Synth 8-7129] Port char_bram\.din[7] in module draw_string__parameterized12 is either unconnected or has no load
WARNING: [Synth 8-7129] Port char_bram\.din[6] in module draw_string__parameterized12 is either unconnected or has no load
WARNING: [Synth 8-7129] Port char_bram\.din[5] in module draw_string__parameterized12 is either unconnected or has no load
WARNING: [Synth 8-7129] Port char_bram\.din[4] in module draw_string__parameterized12 is either unconnected or has no load
WARNING: [Synth 8-7129] Port char_bram\.din[3] in module draw_string__parameterized12 is either unconnected or has no load
WARNING: [Synth 8-7129] Port char_bram\.din[2] in module draw_string__parameterized12 is either unconnected or has no load
Resolution: To avoid this warning, move constraints listed in [.Xil/top_basys3_propImpl.xdc] to another XDC file and exclude this new file from synthesis with the used_in_synthesis property (File Properties dialog in GUI) and re-run elaboration/synthesis.
         rx_error_parity |                00000000000010000 |                            00100
         tx_error_no_ack |                01000000000000000 |                            10000
WARNING: [Synth 8-6014] Unused sequential element u_console_ram/ram_reg was removed. 
WARNING: [Synth 8-6014] Unused sequential element u_input_ram/ram_reg was removed. 
WARNING: [Synth 8-6014] Unused sequential element u_dyn_bmp_ram/ram_reg was removed. 
WARNING: [Synth 8-3332] Sequential element (FSM_onehot_state_reg[9]) is unused and will be removed from module Ps2Interface.
WARNING: [Synth 8-3332] Sequential element (FSM_onehot_state_reg[8]) is unused and will be removed from module Ps2Interface.
WARNING: [Synth 8-3332] Sequential element (FSM_onehot_state_reg[7]) is unused and will be removed from module Ps2Interface.
WARNING: [Synth 8-3332] Sequential element (FSM_onehot_state_reg[6]) is unused and will be removed from module Ps2Interface.
WARNING: [Synth 8-5835] Resources of type BRAM have been overutilized. Used = 130, Available = 100. Will try to implement using LUT-RAM. 
|string_rom    | pwr_state_error          | 32x8          | LUT            | 
Synthesis finished with 0 errors, 0 critical warnings and 208 warnings.
601 Infos, 140 Warnings, 0 Critical Warnings and 0 Errors encountered.

----IMPLEMENTATION----
9 Infos, 0 Warnings, 0 Critical Warnings and 0 Errors encountered.
INFO: [Project 1-461] DRC finished with 0 Errors
38 Infos, 0 Warnings, 0 Critical Warnings and 0 Errors encountered.
INFO: [Vivado_Tcl 4-198] DRC finished with 0 Errors
INFO: [Vivado_Tcl 4-198] DRC finished with 0 Errors, 21 Warnings
INFO: [Physopt 32-1044] Break lutnm for timing: one critical 10, two critical 4, total 14, new lutff created 0
83 Infos, 0 Warnings, 0 Critical Warnings and 0 Errors encountered.
94 Infos, 0 Warnings, 0 Critical Warnings and 0 Errors encountered.
107 Infos, 0 Warnings, 0 Critical Warnings and 0 Errors encountered.
WARNING: [Power 33-332] Found switching activity that implies high-fanout reset nets being asserted for excessive periods of time which may result in inaccurate power analysis.
124 Infos, 1 Warnings, 0 Critical Warnings and 0 Errors encountered.
INFO: [Vivado 12-3199] DRC finished with 0 Errors
139 Infos, 1 Warnings, 0 Critical Warnings and 0 Errors encountered.
